de.metas.handlingunits.qrcodes.service.HUQRCodeGenerateCommandTest.standardTest=[ [ {
  "attributes" : [ {
    "code" : "A1",
    "displayName" : "Attribute 1",
    "value" : "valueString",
    "valueRendered" : "valueString"
  }, {
    "code" : "A2",
    "displayName" : "Attribute 2",
    "value" : "12.3456",
    "valueRendered" : "12.3456"
  }, {
    "code" : "A3",
    "displayName" : "Attribute 3",
    "value" : "2021-11-12",
    "valueRendered" : "2021-11-12"
  }, {
    "code" : "A4",
    "displayName" : "Attribute 4",
    "value" : "60002",
    "valueRendered" : "A4_Item1"
  } ],
  "huUnitType" : "TU",
  "id" : "53c5f490f46d4aaea357fefc2c0d-30386",
  "product" : {
    "code" : "P1",
    "id" : 60001,
    "name" : "Product 1"
  }
}, {
  "attributes" : [ {
    "code" : "A1",
    "displayName" : "Attribute 1",
    "value" : "valueString",
    "valueRendered" : "valueString"
  }, {
    "code" : "A2",
    "displayName" : "Attribute 2",
    "value" : "12.3456",
    "valueRendered" : "12.3456"
  }, {
    "code" : "A3",
    "displayName" : "Attribute 3",
    "value" : "2021-11-12",
    "valueRendered" : "2021-11-12"
  }, {
    "code" : "A4",
    "displayName" : "Attribute 4",
    "value" : "60002",
    "valueRendered" : "A4_Item1"
  } ],
  "huUnitType" : "TU",
  "id" : "64ad6577fd954e478e65f4648d74-29465",
  "product" : {
    "code" : "P1",
    "id" : 60001,
    "name" : "Product 1"
  }
} ] ]